src/services/data.ts(269,1): error TS1005: '}' expected.
src/services/exchangeRate.ts(119,1): error TS1005: '}' expected.
